// Jest Snapshot v1, https://goo.gl/fbAQLP

exports[`Testing Album Component should render correctly 1`] = `ShallowWrapper {}`;
